// Jest Snapshot v1, https://goo.gl/fbAQLP

exports[`Property Card renders the property card 1`] = `
<DocumentFragment>
  <div
    class="property-card"
  >
    <h2
      class="property-card__title"
    >
      A test property
    </h2>
    <p
      class="property-card__type"
    >
      Type: Flat
    </p>
    <p
      class="property-card__bathrooms"
    >
      Bathrooms: 1
    </p>
    <p
      class="property-card__bedrooms"
    >
      Bedrooms: 1
    </p>
    <p
      class="property-card__price"
    >
      Price: £1500
    </p>
    <p
      class="property-card__city"
    >
      City: Leeds
    </p>
    <a
      class="property-card__email"
      href="mailto:test@test.com"
    >
      Contact
    </a>
  </div>
</DocumentFragment>
`;
